
> react-kavia@0.1.0 start
> react-scripts start

Attempting to bind to HOST environment variable: 0.0.0.0
If this was unintentional, check that you haven't mistakenly set it in your shell.
Learn more here: https://cra.link/advanced-config

(node:26732) [DEP_WEBPACK_DEV_SERVER_ON_AFTER_SETUP_MIDDLEWARE] DeprecationWarning: 'onAfterSetupMiddleware' option is deprecated. Please use the 'setupMiddlewares' option.
(Use `node --trace-deprecation ...` to show where the warning was created)
(node:26732) [DEP_WEBPACK_DEV_SERVER_ON_BEFORE_SETUP_MIDDLEWARE] DeprecationWarning: 'onBeforeSetupMiddleware' option is deprecated. Please use the 'setupMiddlewares' option.
Starting the development server...

Compiled successfully!

You can now view react-kavia in the browser.

  Local:            http://localhost:3000
  On Your Network:  http://172.17.0.2:3000

Note that the development build is not optimized.
To create a production build, use npm run build.

webpack compiled successfully
Compiling...
Failed to compile.

[eslint] 
src/pages/IPDetail.js
  Line 297:8:  'Modal' is not defined  react/jsx-no-undef

Search for the keywords to learn more about each error.
WARNING in [eslint] 
src/pages/IPDetail.js
  Line 11:8:  'InvestModal' is defined but never used  no-unused-vars

ERROR in [eslint] 
src/pages/IPDetail.js
  Line 297:8:  'Modal' is not defined  react/jsx-no-undef

Search for the keywords to learn more about each error.

webpack compiled with 1 error and 1 warning
Compiling...
Compiled successfully!
webpack compiled successfully
Compiling...
Compiled with warnings.

[eslint] 
src/pages/InvestorDashboard.js
  Line 1:17:  'useState' is defined but never used        no-unused-vars
  Line 5:8:   'GradientButton' is defined but never used  no-unused-vars
  Line 6:8:   'InvestModal' is defined but never used     no-unused-vars

Search for the keywords to learn more about each warning.
To ignore, add // eslint-disable-next-line to the line before.

WARNING in [eslint] 
src/pages/InvestorDashboard.js
  Line 1:17:  'useState' is defined but never used        no-unused-vars
  Line 5:8:   'GradientButton' is defined but never used  no-unused-vars
  Line 6:8:   'InvestModal' is defined but never used     no-unused-vars

webpack compiled with 1 warning
Compiling...
Compiled with warnings.

[eslint] 
src/pages/InvestorDashboard.js
  Line 6:8:    'InvestModal' is defined but never used             no-unused-vars
  Line 20:10:  'showInvest' is assigned a value but never used     no-unused-vars
  Line 21:10:  'selectedAsset' is assigned a value but never used  no-unused-vars

Search for the keywords to learn more about each warning.
To ignore, add // eslint-disable-next-line to the line before.

WARNING in [eslint] 
src/pages/InvestorDashboard.js
  Line 6:8:    'InvestModal' is defined but never used             no-unused-vars
  Line 20:10:  'showInvest' is assigned a value but never used     no-unused-vars
  Line 21:10:  'selectedAsset' is assigned a value but never used  no-unused-vars

webpack compiled with 1 warning
Compiling...
Compiled successfully!
webpack compiled successfully
